// Jest Snapshot v1, https://goo.gl/fbAQLP

exports[`TableHeader renders 1`] = `
<th
  role="columnheader"
>
  Column 1
</th>
`;
