// Jest Snapshot v1, https://goo.gl/fbAQLP

exports[`SearchBox  renders 1`] = `
<div
  class="p-search-box"
>
  <label
    class="u-off-screen"
    for="search"
  >
    Search
  </label>
  <input
    autocomplete="on"
    class="p-search-box__input"
    id="search"
    name="search"
    placeholder="Search"
    type="search"
    value=""
  />
  <button
    class="p-search-box__button"
  >
    <i
      class="p-icon--search"
    >
      Search
    </i>
  </button>
</div>
`;
