// Jest Snapshot v1, https://goo.gl/fbAQLP

exports[`<TablePagination /> renders table pagination and matches the snapshot 1`] = `
<div
  class="pagination"
  role="navigation"
>
  <div
    class="description"
    id="pagination-description"
  >
    Showing all 5 items
  </div>
  <button
    aria-disabled="true"
    aria-label="Previous page"
    class="p-button--base has-icon is-disabled back"
  >
    <i
      class="p-icon--chevron-down"
    />
  </button>
  <div
    class="p-form__group p-form-validation"
  >
    <label
      class="u-off-screen p-form__label"
      for="paginationPageInput"
    >
      Page number
    </label>
    <div
      class="p-form__control u-clearfix"
    >
      <input
        aria-invalid="false"
        class="p-form-validation__input u-no-margin--bottom pagination-input"
        id="paginationPageInput"
        type="number"
        value="1"
      />
    </div>
  </div>
   
  ofÂ 
  1
  <button
    aria-disabled="true"
    aria-label="Next page"
    class="p-button--base has-icon is-disabled next"
  >
    <i
      class="p-icon--chevron-down"
    />
  </button>
  <div
    class="p-form__group p-form-validation"
  >
    <label
      class="u-off-screen p-form__label"
      for="itemsPerPage"
    >
      Items per page
    </label>
    <div
      class="p-form__control u-clearfix"
    >
      <div
        class="p-form-validation__select-wrapper"
      >
        <select
          aria-describedby=""
          aria-invalid="false"
          class="p-form-validation__input u-no-margin--bottom"
          id="itemsPerPage"
        >
          <option
            value="50"
          >
            50/page
          </option>
          <option
            value="100"
          >
            100/page
          </option>
          <option
            value="200"
          >
            200/page
          </option>
        </select>
      </div>
    </div>
  </div>
</div>
`;
