// Jest Snapshot v1, https://goo.gl/fbAQLP

exports[`Label  renders 1`] = `
<label
  className="p-form__label"
  htmlFor="test-id"
>
  Test content
</label>
`;
