// Jest Snapshot v1, https://goo.gl/fbAQLP

exports[`Filter panel section renders 1`] = `
<Fragment>
  <div
    className="p-filter-panel-section"
  >
    <h3
      className="p-filter-panel-section__heading"
      dangerouslySetInnerHTML={
        Object {
          "__html": "Regions",
        }
      }
    />
    <div
      aria-expanded={false}
      className="p-filter-panel-section__chips"
    >
      <Chip
        key="undefined+us-east1"
        onClick={[Function]}
        selected={false}
        subString=""
        value="us-east1"
      />
      <Chip
        key="undefined+us-east2"
        onClick={[Function]}
        selected={false}
        subString=""
        value="us-east2"
      />
      <Chip
        key="undefined+us-east3"
        onClick={[Function]}
        selected={false}
        subString=""
        value="us-east3"
      />
    </div>
  </div>
</Fragment>
`;
