// Jest Snapshot v1, https://goo.gl/fbAQLP

exports[`Textarea  renders 1`] = `
<div
  class="p-form__group p-form-validation textarea"
>
  <div
    class="p-form__control u-clearfix"
  >
    <textarea
      aria-describedby=""
      aria-invalid="false"
      class="p-form-validation__input"
      id="test-id"
    />
  </div>
</div>
`;
