// Jest Snapshot v1, https://goo.gl/fbAQLP

exports[`Row  renders 1`] = `
<div
  className="row"
>
  Test content
</div>
`;
