// Jest Snapshot v1, https://goo.gl/fbAQLP

exports[`ContextualMenuDropdown  renders 1`] = `
<span
  data-testid="dropdown"
>
  <span
    aria-hidden="true"
    aria-label="submenu"
    class="p-contextual-menu__dropdown"
  >
    <div
      class="p-contextual-menu__non-interactive"
    >
      Link1
    </div>
  </span>
</span>
`;
