// Jest Snapshot v1, https://goo.gl/fbAQLP

exports[`AccordionSection  renders 1`] = `
<li
  class="p-accordion__group"
>
  <div
    aria-level="3"
    class="p-accordion__heading"
    role="heading"
  >
    <button
      aria-controls="#mock-nanoid-1"
      aria-expanded="false"
      class="p-accordion__tab"
      id="mock-nanoid-2"
      role="tab"
      type="button"
    >
      Test section
    </button>
  </div>
  <section
    aria-hidden="true"
    aria-labelledby="mock-nanoid-2"
    class="p-accordion__panel"
    id="mock-nanoid-1"
    role="tabpanel"
  >
    <span>
      Test
    </span>
  </section>
</li>
`;
