// Jest Snapshot v1, https://goo.gl/fbAQLP

exports[`<PaginationItem /> renders and matches the snapshot 1`] = `
<div>
  <li
    class="p-pagination__item"
  >
    <button
      class="p-pagination__link"
    >
      1
    </button>
  </li>
</div>
`;
