// Jest Snapshot v1, https://goo.gl/fbAQLP

exports[`Form  renders 1`] = `
<form
  class=""
  name="this needs a name so RTL can find it"
>
  Test content
</form>
`;
