// Jest Snapshot v1, https://goo.gl/fbAQLP

exports[`Col  renders 1`] = `
<div
  class="col-3"
  data-testid="col"
>
  Test content
</div>
`;
