// Jest Snapshot v1, https://goo.gl/fbAQLP

exports[`CustomSelect renders 1`] = `
<div
  class="p-form__group p-form-validation p-custom-select"
  data-testid="test-select"
>
  <label
    class="p-form__label"
    for=":r1:"
  >
    Test Select
  </label>
  <div
    class="p-form__control u-clearfix"
  >
    <div
      class="p-form-validation__select-wrapper"
    >
      <span
        aria-describedby=""
        aria-invalid="false"
        class="p-custom-select__wrapper p-contextual-menu p-contextual-menu--left"
        style="width: 100%;"
      >
        <button
          aria-controls=":r3:"
          aria-expanded="false"
          aria-haspopup="true"
          aria-pressed="false"
          class="p-button p-contextual-menu__toggle p-custom-select__toggle p-form-validation__input"
          id=":r1:"
          tabindex="0"
          type="button"
        >
          <span
            class="toggle-label u-truncate"
          >
            Option 1
          </span>
        </button>
      </span>
    </div>
  </div>
</div>
`;
