// Jest Snapshot v1, https://goo.gl/fbAQLP

exports[`ContextualMenu  renders 1`] = `
<span
  class="p-contextual-menu"
  data-testid="menu"
  style="position: relative;"
>
  <span
    style="display: none;"
  />
</span>
`;
