// Jest Snapshot v1, https://goo.gl/fbAQLP

exports[`List  renders 1`] = `
<ul
  class="p-list"
>
  <li
    class="p-list__item"
  >
    test
  </li>
  <li
    class="p-list__item"
  >
    items
  </li>
  <li
    class="p-list__item"
  >
    here
  </li>
</ul>
`;
