// Jest Snapshot v1, https://goo.gl/fbAQLP

exports[`<SummaryButton /> renders and matches the snapshot 1`] = `
<small>
  <span
    className="u-text--muted"
  >
    Showing some items
  </span>
  <ActionButton
    className="is-small is-dense is-inline"
    onClick={[Function]}
  >
    Show more
  </ActionButton>
</small>
`;
