// Jest Snapshot v1, https://goo.gl/fbAQLP

exports[`Icon renders 1`] = `
<i
  class="p-icon--success"
/>
`;
