// Jest Snapshot v1, https://goo.gl/fbAQLP

exports[`Link  can be a back to top link 1`] = `
<a
  class="p-top__link"
  href="#"
>
  Back to top
</a>
`;

exports[`Link  renders 1`] = `
<a
  class=""
  href="/example"
>
  Test content
</a>
`;
