// Jest Snapshot v1, https://goo.gl/fbAQLP

exports[`Strip  renders 1`] = `
<div
  class="p-strip"
  data-testid="strip"
>
  <div
    class="row"
  >
    <div
      class="col-12"
    >
      Test content
    </div>
  </div>
</div>
`;
